$ cd /workspace/shadcn-ui && pnpm run lint && pnpm run build

> shadcnui@ lint /workspace/shadcn-ui
> eslint --quiet ./src


/workspace/shadcn-ui/src/pages/Feed/OutfitFeed.tsx
  15:42  error  Unexpected any. Specify a different type  @typescript-eslint/no-explicit-any
  40:28  error  Unexpected any. Specify a different type  @typescript-eslint/no-explicit-any

/workspace/shadcn-ui/src/pages/OutfitDetail.tsx
   18:40  error  Unexpected any. Specify a different type  @typescript-eslint/no-explicit-any
  157:48  error  Unexpected any. Specify a different type  @typescript-eslint/no-explicit-any
  229:47  error  Unexpected any. Specify a different type  @typescript-eslint/no-explicit-any

✖ 5 problems (5 errors, 0 warnings)

 ELIFECYCLE  Command failed with exit code 1.
$ cd /workspace/shadcn-ui && pnpm run lint && pnpm run build


> shadcnui@ lint /workspace/shadcn-ui
> eslint --quiet ./src


> shadcnui@ build /workspace/shadcn-ui
> vite build

vite v5.4.19 building for production...
transforming...
✓ 1760 modules transformed.
x Build failed in 3.98s
error during build:
src/pages/Index.tsx (7:43): "getAllOutfits" is not exported by "src/lib/database.ts", imported by "src/pages/Index.tsx".
file: /workspace/shadcn-ui/src/pages/Index.tsx:7:43

5: import { Card, CardContent, CardHeader, CardTitle } from '@/components/ui/card';
6: import { Avatar, AvatarFallback, AvatarImage } from '@/components/ui/avatar';
7: import { getClosetByUser, getOrdersByUser, getAllOutfits } from '@/lib/database';
                                              ^
8: import { Heart, ShoppingBag, Shirt, TrendingUp, Sparkles, ArrowRight, Instagram } from 'lucide-react';

    at getRollupError (file:///workspace/shadcn-ui/node_modules/.pnpm/rollup@4.45.1/node_modules/rollup/dist/es/shared/parseAst.js:401:41)
    at error (file:///workspace/shadcn-ui/node_modules/.pnpm/rollup@4.45.1/node_modules/rollup/dist/es/shared/parseAst.js:397:42)
    at Module.error (file:///workspace/shadcn-ui/node_modules/.pnpm/rollup@4.45.1/node_modules/rollup/dist/es/shared/node-entry.js:16830:16)
    at Module.traceVariable (file:///workspace/shadcn-ui/node_modules/.pnpm/rollup@4.45.1/node_modules/rollup/dist/es/shared/node-entry.js:17279:29)
    at ModuleScope.findVariable (file:///workspace/shadcn-ui/node_modules/.pnpm/rollup@4.45.1/node_modules/rollup/dist/es/shared/node-entry.js:14925:39)
    at FunctionScope.findVariable (file:///workspace/shadcn-ui/node_modules/.pnpm/rollup@4.45.1/node_modules/rollup/dist/es/shared/node-entry.js:5620:38)
    at FunctionBodyScope.findVariable (file:///workspace/shadcn-ui/node_modules/.pnpm/rollup@4.45.1/node_modules/rollup/dist/es/shared/node-entry.js:5620:38)
    at ReturnValueScope.findVariable (file:///workspace/shadcn-ui/node_modules/.pnpm/rollup@4.45.1/node_modules/rollup/dist/es/shared/node-entry.js:5620:38)
    at FunctionBodyScope.findVariable (file:///workspace/shadcn-ui/node_modules/.pnpm/rollup@4.45.1/node_modules/rollup/dist/es/shared/node-entry.js:5620:38)
    at TrackingScope.findVariable (file:///workspace/shadcn-ui/node_modules/.pnpm/rollup@4.45.1/node_modules/rollup/dist/es/shared/node-entry.js:5620:38)
 ELIFECYCLE  Command failed with exit code 1.
$ cd /workspace/shadcn-ui && pnpm run lint && pnpm run build


> shadcnui@ lint /workspace/shadcn-ui
> eslint --quiet ./src


> shadcnui@ build /workspace/shadcn-ui
> vite build

vite v5.4.19 building for production...
transforming...
✓ 1760 modules transformed.
x Build failed in 4.40s
error during build:
src/pages/OutfitBank.tsx (4:9): "createOutfit" is not exported by "src/lib/database.ts", imported by "src/pages/OutfitBank.tsx".
file: /workspace/shadcn-ui/src/pages/OutfitBank.tsx:4:9

2: import { useNavigate } from 'react-router-dom';
3: import { useAuth } from '@/contexts/AuthContext';
4: import { createOutfit } from '@/lib/database';
            ^
5: import Layout from '@/components/Layout';
6: import { Card, CardContent, CardHeader, CardTitle } from '@/components/ui/card';

    at getRollupError (file:///workspace/shadcn-ui/node_modules/.pnpm/rollup@4.45.1/node_modules/rollup/dist/es/shared/parseAst.js:401:41)
    at error (file:///workspace/shadcn-ui/node_modules/.pnpm/rollup@4.45.1/node_modules/rollup/dist/es/shared/parseAst.js:397:42)
    at Module.error (file:///workspace/shadcn-ui/node_modules/.pnpm/rollup@4.45.1/node_modules/rollup/dist/es/shared/node-entry.js:16830:16)
    at Module.traceVariable (file:///workspace/shadcn-ui/node_modules/.pnpm/rollup@4.45.1/node_modules/rollup/dist/es/shared/node-entry.js:17279:29)
    at ModuleScope.findVariable (file:///workspace/shadcn-ui/node_modules/.pnpm/rollup@4.45.1/node_modules/rollup/dist/es/shared/node-entry.js:14925:39)
    at FunctionScope.findVariable (file:///workspace/shadcn-ui/node_modules/.pnpm/rollup@4.45.1/node_modules/rollup/dist/es/shared/node-entry.js:5620:38)
    at FunctionBodyScope.findVariable (file:///workspace/shadcn-ui/node_modules/.pnpm/rollup@4.45.1/node_modules/rollup/dist/es/shared/node-entry.js:5620:38)
    at ReturnValueScope.findVariable (file:///workspace/shadcn-ui/node_modules/.pnpm/rollup@4.45.1/node_modules/rollup/dist/es/shared/node-entry.js:5620:38)
    at FunctionBodyScope.findVariable (file:///workspace/shadcn-ui/node_modules/.pnpm/rollup@4.45.1/node_modules/rollup/dist/es/shared/node-entry.js:5620:38)
    at Identifier.bind (file:///workspace/shadcn-ui/node_modules/.pnpm/rollup@4.45.1/node_modules/rollup/dist/es/shared/node-entry.js:5394:40)
 ELIFECYCLE  Command failed with exit code 1.
$ cd /workspace/shadcn-ui && pnpm run lint && pnpm run build


> shadcnui@ lint /workspace/shadcn-ui
> eslint --quiet ./src


> shadcnui@ build /workspace/shadcn-ui
> vite build

vite v5.4.19 building for production...
transforming...
✓ 1760 modules transformed.
rendering chunks...
computing gzip size...
dist/index.html                   0.84 kB │ gzip:   0.58 kB
dist/assets/index-Boa2ynJj.css   81.65 kB │ gzip:  13.06 kB
dist/assets/index-qLun69LG.js   454.05 kB │ gzip: 139.02 kB
✓ built in 5.91s
$ cd /workspace/shadcn-ui && pnpm run lint && pnpm run build


> shadcnui@ lint /workspace/shadcn-ui
> eslint --quiet ./src


/workspace/shadcn-ui/src/pages/Creators.tsx
  37:9  error  'filtered' is never reassigned. Use 'const' instead  prefer-const

/workspace/shadcn-ui/src/pages/Sellers.tsx
  34:9  error  'filtered' is never reassigned. Use 'const' instead  prefer-const

✖ 2 problems (2 errors, 0 warnings)
  2 errors and 0 warnings potentially fixable with the `--fix` option.

 ELIFECYCLE  Command failed with exit code 1.
